[janus.conf.meetecho.com/echotest.html]
[backblue.gif]
[fade.gif]
[index.html]
[janus.conf.meetecho.com/jquery.blockUI.js]
[janus.conf.meetecho.com/jquery.min.js]
[janus.conf.meetecho.com/js/bootstrap.js]
[janus.conf.meetecho.com/js/bootbox.min.js]
[janus.conf.meetecho.com/js/spin.min.js]
[janus.conf.meetecho.com/janus.js]
[janus.conf.meetecho.com/echotest.js]
[janus.conf.meetecho.com/css/cerulean/bootstrap.css]
[janus.conf.meetecho.com/css/demo.css]
[netdna.bootstrapcdn.com/font-awesome/4.0.3/css/font-awesome.css]
[s3.amazonaws.com/github/ribbons/forkme_left_darkblue_121621.png]
[janus.conf.meetecho.com/index.html]
[janus.conf.meetecho.com/demos.html]
[janus.conf.meetecho.com/streamingtest.html]
[janus.conf.meetecho.com/videocalltest.html]
[janus.conf.meetecho.com/siptest.html]
[janus.conf.meetecho.com/videomcutest.html]
[janus.conf.meetecho.com/audiobridgetest.html]
[janus.conf.meetecho.com/voicemailtest.html]
[janus.conf.meetecho.com/screensharingtest.html]
[janus.conf.meetecho.com/docs]
[janus.conf.meetecho.com/meetecho-logo-white.png]
[janus.conf.meetecho.com/echotest.html]
[janus.conf.meetecho.com/docs/index.html]
[janus.conf.meetecho.com/css/fonts/glyphicons-halflings-regular.eot]
[janus.conf.meetecho.com/css/fonts/glyphicons-halflings-regulard41d.eot]
[janus.conf.meetecho.com/css/fonts/glyphicons-halflings-regular.woff]
[janus.conf.meetecho.com/css/fonts/glyphicons-halflings-regular.ttf]
[janus.conf.meetecho.com/css/fonts/glyphicons-halflings-regular.svg]
[janus.conf.meetecho.com/css/cerulean/bootstrap.css]
[janus.conf.meetecho.com/css/demo.css]
[netdna.bootstrapcdn.com/font-awesome/4.0.3/css/font-awesome.css]
[janus.conf.meetecho.com/index.html]
[janus.conf.meetecho.com/demos.html]
[janus.conf.meetecho.com/.html]
[janus.conf.meetecho.com/streamingtest.html]
[janus.conf.meetecho.com/streamingtest.js]
[janus.conf.meetecho.com/videocalltest.html]
[janus.conf.meetecho.com/videocalltest.js]
[janus.conf.meetecho.com/siptest.html]
[janus.conf.meetecho.com/siptest.js]
[janus.conf.meetecho.com/videomcutest.html]
[janus.conf.meetecho.com/videomcutest.js]
[janus.conf.meetecho.com/audiobridgetest.js]
[janus.conf.meetecho.com/audiobridgetest.html]
[janus.conf.meetecho.com/voicemailtest.html]
[janus.conf.meetecho.com/voicemailtest.js]
[janus.conf.meetecho.com/screensharingtest.html]
[janus.conf.meetecho.com/screensharingtest.js]
[janus.conf.meetecho.com/docs/jquery.js]
[janus.conf.meetecho.com/docs/dynsections.js]
[janus.conf.meetecho.com/docs/search/search.css]
[janus.conf.meetecho.com/docs/search/search.js]
[janus.conf.meetecho.com/docs/css/bootstrap.css]
[janus.conf.meetecho.com/docs/css/demo.css]
[janus.conf.meetecho.com/docs/js/bootstrap.min.js]
[janus.conf.meetecho.com/docs/doxy-boot.js]
[janus.conf.meetecho.com/docs/.html]
[janus.conf.meetecho.com/docs/index-2.html]
[janus.conf.meetecho.com/docs/meetecho-logo-white.png]
[janus.conf.meetecho.com/index-2.html]
[janus.conf.meetecho.com/docs/pages.html]
[janus.conf.meetecho.com/docs/modules.html]
[janus.conf.meetecho.com/docs/annotated.html]
[janus.conf.meetecho.com/docs/files.html]
[janus.conf.meetecho.com/docs/search/mag_sel.png]
[janus.conf.meetecho.com/docs/search/close.png]
[janus.conf.meetecho.com/docs/DEPS.html]
[janus.conf.meetecho.com/docs/README.html]
[janus.conf.meetecho.com/docs/FAQ.html]
[janus.conf.meetecho.com/docs/group__core.html]
[janus.conf.meetecho.com/docs/group__protocols.html]
[janus.conf.meetecho.com/docs/group__plugins.html]
[janus.conf.meetecho.com/docs/group__pluginapi.html]
[janus.conf.meetecho.com/docs/JS.html]
[janus.conf.meetecho.com/docs/rest.html]
[janus.conf.meetecho.com/docs/deploy.html]
[janus.conf.meetecho.com/docs/todo.html]
[janus.conf.meetecho.com/docs/CREDITS.html]
[janus.conf.meetecho.com/docs/index.html]
[janus.conf.meetecho.com/css/fonts/glyphicons-halflings-regular.html]
[janus.conf.meetecho.com/css/fonts/glyphicons-halflings-regulard41d.html]
[janus.conf.meetecho.com/css/fonts/glyphicons-halflings-regular-2.html]
[janus.conf.meetecho.com/css/fonts/glyphicons-halflings-regular-3.html]
[janus.conf.meetecho.com/css/fonts/glyphicons-halflings-regular-4.html]
[janus.conf.meetecho.com/.html]
[janus.conf.meetecho.com/docs/COPYING.html]
[janus.conf.meetecho.com/docs/search/search_l.png]
[janus.conf.meetecho.com/docs/search/search_m.png]
[janus.conf.meetecho.com/docs/search/search_r.png]
[janus.conf.meetecho.com/docs/tab_a.png]
[janus.conf.meetecho.com/docs/search/search.css]
[janus.conf.meetecho.com/docs/fonts/glyphicons-halflings-regular.eot]
[janus.conf.meetecho.com/docs/fonts/glyphicons-halflings-regulard41d.eot]
[janus.conf.meetecho.com/docs/fonts/glyphicons-halflings-regular.woff]
[janus.conf.meetecho.com/docs/fonts/glyphicons-halflings-regular.ttf]
[janus.conf.meetecho.com/docs/fonts/glyphicons-halflings-regular.svg]
[janus.conf.meetecho.com/docs/css/bootstrap.css]
[janus.conf.meetecho.com/docs/css/demo.css]
[janus.conf.meetecho.com/docs/.html]
[janus.conf.meetecho.com/index-2.html]
[janus.conf.meetecho.com/docs/index-2.html]
[janus.conf.meetecho.com/docs/ftv2node.png]
[janus.conf.meetecho.com/docs/ftv2lastnode.png]
[janus.conf.meetecho.com/docs/pages.html]
[janus.conf.meetecho.com/docs/ftv2mnode.png]
[janus.conf.meetecho.com/docs/ftv2vertline.png]
[janus.conf.meetecho.com/docs/ftv2mlastnode.png]
[janus.conf.meetecho.com/docs/group__tools.html]
[janus.conf.meetecho.com/docs/ftv2blank.png]
[janus.conf.meetecho.com/docs/modules.html]
[janus.conf.meetecho.com/docs/group__postprocessing.html]
[janus.conf.meetecho.com/docs/classes.html]
[janus.conf.meetecho.com/docs/functions.html]
[janus.conf.meetecho.com/docs/ftv2cl.png]
[janus.conf.meetecho.com/docs/structjanus__audiobridge__message.html]
[janus.conf.meetecho.com/docs/structjanus__audiobridge__participant.html]
[janus.conf.meetecho.com/docs/structjanus__audiobridge__room.html]
[janus.conf.meetecho.com/docs/structjanus__audiobridge__rtp__relay__packet.html]
[janus.conf.meetecho.com/docs/structjanus__audiobridge__session.html]
[janus.conf.meetecho.com/docs/structjanus__callbacks.html]
[janus.conf.meetecho.com/docs/structjanus__config.html]
[janus.conf.meetecho.com/docs/structjanus__config__category.html]
[janus.conf.meetecho.com/docs/structjanus__config__item.html]
[janus.conf.meetecho.com/docs/structjanus__dtls__srtp.html]
[janus.conf.meetecho.com/docs/structjanus__echotest__message.html]
[janus.conf.meetecho.com/docs/structjanus__echotest__session.html]
[janus.conf.meetecho.com/docs/structjanus__http__event.html]
[janus.conf.meetecho.com/docs/structjanus__http__msg.html]
[janus.conf.meetecho.com/docs/structjanus__ice__component.html]
[janus.conf.meetecho.com/docs/structjanus__ice__handle.html]
[janus.conf.meetecho.com/docs/structjanus__ice__stream.html]
[janus.conf.meetecho.com/docs/structjanus__nack.html]
[janus.conf.meetecho.com/docs/structjanus__plugin.html]
[janus.conf.meetecho.com/docs/structjanus__plugin__session.html]
[janus.conf.meetecho.com/docs/structjanus__pp__frame__packet.html]
[janus.conf.meetecho.com/docs/structjanus__pp__rtp__header.html]
[janus.conf.meetecho.com/docs/structjanus__pp__rtp__header__extension.html]
[janus.conf.meetecho.com/docs/structjanus__recorder.html]
[janus.conf.meetecho.com/docs/structjanus__request__source.html]
[janus.conf.meetecho.com/docs/structjanus__sdp.html]
[janus.conf.meetecho.com/docs/structjanus__session.html]
[janus.conf.meetecho.com/docs/structjanus__sip__account.html]
[janus.conf.meetecho.com/docs/structjanus__sip__media.html]
[janus.conf.meetecho.com/docs/structjanus__sip__message.html]
[janus.conf.meetecho.com/docs/structjanus__sip__session.html]
[janus.conf.meetecho.com/docs/structjanus__streaming__codecs.html]
[janus.conf.meetecho.com/docs/structjanus__streaming__file__source.html]
[janus.conf.meetecho.com/docs/structjanus__streaming__message.html]
[janus.conf.meetecho.com/docs/structjanus__streaming__mountpoint.html]
[janus.conf.meetecho.com/docs/structjanus__streaming__rtp__relay__packet.html]
[janus.conf.meetecho.com/docs/structjanus__streaming__rtp__source.html]
[janus.conf.meetecho.com/docs/structjanus__streaming__session.html]
[janus.conf.meetecho.com/docs/structjanus__videocall__message.html]
[janus.conf.meetecho.com/docs/structjanus__videocall__session.html]
[janus.conf.meetecho.com/docs/structjanus__videoroom.html]
[janus.conf.meetecho.com/docs/structjanus__videoroom__listener.html]
[janus.conf.meetecho.com/docs/structjanus__videoroom__listener__muxed.html]
[janus.conf.meetecho.com/docs/structjanus__videoroom__message.html]
[janus.conf.meetecho.com/docs/structjanus__videoroom__participant.html]
[janus.conf.meetecho.com/docs/structjanus__videoroom__rtp__relay__packet.html]
[janus.conf.meetecho.com/docs/structjanus__videoroom__session.html]
[janus.conf.meetecho.com/docs/structjanus__voicemail__message.html]
[janus.conf.meetecho.com/docs/structjanus__voicemail__session.html]
[janus.conf.meetecho.com/docs/structreport__block.html]
[janus.conf.meetecho.com/docs/structrtcp__app.html]
[janus.conf.meetecho.com/docs/structrtcp__bye.html]
[janus.conf.meetecho.com/docs/structrtcp__fb.html]
[janus.conf.meetecho.com/docs/structrtcp__fir.html]
[janus.conf.meetecho.com/docs/structrtcp__header.html]
[janus.conf.meetecho.com/docs/structrtcp__nack.html]
[janus.conf.meetecho.com/docs/structrtcp__remb.html]
[janus.conf.meetecho.com/docs/structrtcp__rr.html]
[janus.conf.meetecho.com/docs/structrtcp__sdes.html]
[janus.conf.meetecho.com/docs/structrtcp__sdes__chunk.html]
[janus.conf.meetecho.com/docs/structrtcp__sdes__item.html]
[janus.conf.meetecho.com/docs/structrtcp__sr.html]
[janus.conf.meetecho.com/docs/structrtp__header.html]
[janus.conf.meetecho.com/docs/structsender__info.html]
[janus.conf.meetecho.com/docs/structssip__s.html]
[janus.conf.meetecho.com/docs/annotated.html]
[janus.conf.meetecho.com/docs/structwav__header.html]
[janus.conf.meetecho.com/docs/globals.html]
[janus.conf.meetecho.com/docs/ftv2doc.png]
[janus.conf.meetecho.com/docs/apierror_8c.html]
[janus.conf.meetecho.com/docs/apierror_8h_source.html]
[janus.conf.meetecho.com/docs/apierror_8h.html]
[janus.conf.meetecho.com/docs/config_8c.html]
[janus.conf.meetecho.com/docs/config_8h_source.html]
[janus.conf.meetecho.com/docs/config_8h.html]
[janus.conf.meetecho.com/docs/debug_8h_source.html]
[janus.conf.meetecho.com/docs/debug_8h.html]
[janus.conf.meetecho.com/docs/dtls_8c.html]
[janus.conf.meetecho.com/docs/dtls_8h_source.html]
[janus.conf.meetecho.com/docs/dtls_8h.html]
[janus.conf.meetecho.com/docs/ice_8c.html]
[janus.conf.meetecho.com/docs/ice_8h_source.html]
[janus.conf.meetecho.com/docs/ice_8h.html]
[janus.conf.meetecho.com/docs/janus-pp-rec_8c.html]
[janus.conf.meetecho.com/docs/janus_8h_source.html]
[janus.conf.meetecho.com/docs/janus_8h.html]
[janus.conf.meetecho.com/docs/janus_8c.html]
[janus.conf.meetecho.com/docs/janus__audiobridge_8c.html]
[janus.conf.meetecho.com/docs/janus__echotest_8c.html]
[janus.conf.meetecho.com/docs/janus__sip_8c.html]
[janus.conf.meetecho.com/docs/janus__streaming_8c.html]
[janus.conf.meetecho.com/docs/janus__videocall_8c.html]
[janus.conf.meetecho.com/docs/janus__videoroom_8c.html]
[janus.conf.meetecho.com/docs/janus__voicemail_8c.html]
[janus.conf.meetecho.com/docs/mutex_8h_source.html]
[janus.conf.meetecho.com/docs/mutex_8h.html]
[janus.conf.meetecho.com/docs/plugin_8h_source.html]
[janus.conf.meetecho.com/docs/plugin_8h.html]
[janus.conf.meetecho.com/docs/pp-debug_8h_source.html]
[janus.conf.meetecho.com/docs/pp-debug_8h.html]
[janus.conf.meetecho.com/docs/pp-opus_8c.html]
[janus.conf.meetecho.com/docs/pp-opus_8h_source.html]
[janus.conf.meetecho.com/docs/pp-opus_8h.html]
[janus.conf.meetecho.com/docs/pp-rtp_8h_source.html]
[janus.conf.meetecho.com/docs/pp-rtp_8h.html]
[janus.conf.meetecho.com/docs/pp-webm_8c.html]
[janus.conf.meetecho.com/docs/pp-webm_8h_source.html]
[janus.conf.meetecho.com/docs/pp-webm_8h.html]
[janus.conf.meetecho.com/docs/record_8c.html]
[janus.conf.meetecho.com/docs/record_8h_source.html]
[janus.conf.meetecho.com/docs/record_8h.html]
[janus.conf.meetecho.com/docs/rtcp_8c.html]
[janus.conf.meetecho.com/docs/rtcp_8h_source.html]
[janus.conf.meetecho.com/docs/rtcp_8h.html]
[janus.conf.meetecho.com/docs/rtp_8h_source.html]
[janus.conf.meetecho.com/docs/rtp_8h.html]
[janus.conf.meetecho.com/docs/sctp_8c.html]
[janus.conf.meetecho.com/docs/sctp_8h_source.html]
[janus.conf.meetecho.com/docs/sctp_8h.html]
[janus.conf.meetecho.com/docs/sdp_8c.html]
[janus.conf.meetecho.com/docs/sdp_8h_source.html]
[janus.conf.meetecho.com/docs/sdp_8h.html]
[janus.conf.meetecho.com/docs/utils_8c.html]
[janus.conf.meetecho.com/docs/utils_8h_source.html]
[janus.conf.meetecho.com/docs/files.html]
[janus.conf.meetecho.com/docs/utils_8h.html]
[janus.conf.meetecho.com/docs/DEPS.html]
[janus.conf.meetecho.com/docs/README.html]
[janus.conf.meetecho.com/docs/FAQ.html]
[janus.conf.meetecho.com/docs/group__core.png]
[janus.conf.meetecho.com/docs/group__core.html]
[janus.conf.meetecho.com/docs/group__protocols.png]
[janus.conf.meetecho.com/docs/group__protocols.html]
[janus.conf.meetecho.com/docs/group__plugins.png]
[janus.conf.meetecho.com/docs/group__plugins.html]
[janus.conf.meetecho.com/docs/group__pluginapi.png]
[janus.conf.meetecho.com/docs/group__pluginapi.html]
[janus.conf.meetecho.com/docs/JS.html]
[janus.conf.meetecho.com/docs/rest.html]
[janus.conf.meetecho.com/docs/deploy.html]
[janus.conf.meetecho.com/docs/todo.html]
[janus.conf.meetecho.com/docs/CREDITS.html]
[janus.conf.meetecho.com/docs/COPYING.html]
[janus.conf.meetecho.com/docs/fonts/glyphicons-halflings-regular.html]
[janus.conf.meetecho.com/docs/fonts/glyphicons-halflings-regulard41d.html]
[janus.conf.meetecho.com/docs/fonts/glyphicons-halflings-regular-2.html]
[janus.conf.meetecho.com/docs/fonts/glyphicons-halflings-regular-3.html]
[janus.conf.meetecho.com/docs/fonts/glyphicons-halflings-regular-4.html]
[janus.conf.meetecho.com/docs/group__tools.png]
[janus.conf.meetecho.com/docs/group__tools.html]
[janus.conf.meetecho.com/docs/group__postprocessing.png]
[janus.conf.meetecho.com/docs/group__postprocessing.html]
[janus.conf.meetecho.com/docs/classes.html]
[janus.conf.meetecho.com/docs/functions_vars.html]
[janus.conf.meetecho.com/docs/functions_0x62.html]
[janus.conf.meetecho.com/docs/functions_0x63.html]
[janus.conf.meetecho.com/docs/functions_0x64.html]
[janus.conf.meetecho.com/docs/functions_0x65.html]
[janus.conf.meetecho.com/docs/functions_0x66.html]
[janus.conf.meetecho.com/docs/functions_0x67.html]
[janus.conf.meetecho.com/docs/functions_0x68.html]
[janus.conf.meetecho.com/docs/functions_0x69.html]
[janus.conf.meetecho.com/docs/functions_0x6a.html]
[janus.conf.meetecho.com/docs/functions_0x6c.html]
[janus.conf.meetecho.com/docs/functions_0x6d.html]
[janus.conf.meetecho.com/docs/functions_0x6e.html]
[janus.conf.meetecho.com/docs/functions_0x6f.html]
[janus.conf.meetecho.com/docs/functions_0x70.html]
[janus.conf.meetecho.com/docs/functions_0x71.html]
[janus.conf.meetecho.com/docs/functions_0x72.html]
[janus.conf.meetecho.com/docs/functions_0x73.html]
[janus.conf.meetecho.com/docs/functions_0x74.html]
[janus.conf.meetecho.com/docs/functions_0x75.html]
[janus.conf.meetecho.com/docs/functions_0x76.html]
[janus.conf.meetecho.com/docs/functions.html]
[janus.conf.meetecho.com/docs/functions_0x77.html]
[janus.conf.meetecho.com/docs/structjanus__audiobridge__message__coll__graph.png]
[janus.conf.meetecho.com/docs/structjanus__audiobridge__message.html]
[janus.conf.meetecho.com/docs/graph_legend.html]
[janus.conf.meetecho.com/docs/structjanus__audiobridge__participant__coll__graph.png]
[janus.conf.meetecho.com/docs/structjanus__audiobridge__participant.html]
[janus.conf.meetecho.com/docs/structjanus__audiobridge__room.html]
[janus.conf.meetecho.com/docs/structjanus__audiobridge__rtp__relay__packet__coll__graph.png]
[janus.conf.meetecho.com/docs/structjanus__audiobridge__rtp__relay__packet.html]
[janus.conf.meetecho.com/docs/structjanus__audiobridge__session__coll__graph.png]
[janus.conf.meetecho.com/docs/structjanus__audiobridge__session.html]
[janus.conf.meetecho.com/docs/structjanus__callbacks.html]
[janus.conf.meetecho.com/docs/structjanus__config__coll__graph.png]
[janus.conf.meetecho.com/docs/structjanus__config.html]
[janus.conf.meetecho.com/docs/structjanus__config__category__coll__graph.png]
[janus.conf.meetecho.com/docs/structjanus__config__category.html]
[janus.conf.meetecho.com/docs/structjanus__config__item__coll__graph.png]
[janus.conf.meetecho.com/docs/structjanus__config__item.html]
[janus.conf.meetecho.com/docs/structjanus__dtls__srtp.html]
[janus.conf.meetecho.com/docs/structjanus__echotest__message__coll__graph.png]
[janus.conf.meetecho.com/docs/structjanus__echotest__message.html]
[janus.conf.meetecho.com/docs/structjanus__echotest__session__coll__graph.png]
[janus.conf.meetecho.com/docs/structjanus__echotest__session.html]
[janus.conf.meetecho.com/docs/structjanus__http__event.html]
[janus.conf.meetecho.com/docs/structjanus__http__msg.html]
[janus.conf.meetecho.com/docs/structjanus__ice__component__coll__graph.png]
[janus.conf.meetecho.com/docs/structjanus__ice__component.html]
[janus.conf.meetecho.com/docs/structjanus__ice__handle__coll__graph.png]
[janus.conf.meetecho.com/docs/structjanus__ice__handle.html]
[janus.conf.meetecho.com/docs/structjanus__ice__stream__coll__graph.png]
[janus.conf.meetecho.com/docs/structjanus__ice__stream.html]
[janus.conf.meetecho.com/docs/structjanus__nack__coll__graph.png]
[janus.conf.meetecho.com/docs/structjanus__nack.html]
[janus.conf.meetecho.com/docs/structjanus__plugin.html]
[janus.conf.meetecho.com/docs/structjanus__plugin__session.html]
[janus.conf.meetecho.com/docs/structjanus__pp__frame__packet__coll__graph.png]
[janus.conf.meetecho.com/docs/structjanus__pp__frame__packet.html]
[janus.conf.meetecho.com/docs/structjanus__pp__rtp__header.html]
[janus.conf.meetecho.com/docs/structjanus__pp__rtp__header__extension.html]
[janus.conf.meetecho.com/docs/structjanus__recorder.html]
[janus.conf.meetecho.com/docs/structjanus__request__source.html]
[janus.conf.meetecho.com/docs/structjanus__sdp.html]
[janus.conf.meetecho.com/docs/structjanus__session.html]
[janus.conf.meetecho.com/docs/structjanus__sip__account.html]
[janus.conf.meetecho.com/docs/structjanus__sip__media.html]
[janus.conf.meetecho.com/docs/structjanus__sip__message__coll__graph.png]
[janus.conf.meetecho.com/docs/structjanus__sip__message.html]
[janus.conf.meetecho.com/docs/structjanus__sip__session__coll__graph.png]
[janus.conf.meetecho.com/docs/structjanus__sip__session.html]
[janus.conf.meetecho.com/docs/structjanus__streaming__codecs.html]
[janus.conf.meetecho.com/docs/structjanus__streaming__file__source.html]
[janus.conf.meetecho.com/docs/structjanus__streaming__message__coll__graph.png]
[janus.conf.meetecho.com/docs/structjanus__streaming__message.html]
[janus.conf.meetecho.com/docs/structjanus__streaming__mountpoint__coll__graph.png]
[janus.conf.meetecho.com/docs/structjanus__streaming__mountpoint.html]
[janus.conf.meetecho.com/docs/structjanus__streaming__rtp__relay__packet__coll__graph.png]
[janus.conf.meetecho.com/docs/structjanus__streaming__rtp__relay__packet.html]
[janus.conf.meetecho.com/docs/structjanus__streaming__rtp__source.html]
[janus.conf.meetecho.com/docs/structjanus__streaming__session__coll__graph.png]
[janus.conf.meetecho.com/docs/structjanus__streaming__session.html]
[janus.conf.meetecho.com/docs/structjanus__videocall__message__coll__graph.png]
[janus.conf.meetecho.com/docs/structjanus__videocall__message.html]
[janus.conf.meetecho.com/docs/structjanus__videocall__session__coll__graph.png]
[janus.conf.meetecho.com/docs/structjanus__videocall__session.html]
[janus.conf.meetecho.com/docs/structjanus__videoroom.html]
[janus.conf.meetecho.com/docs/structjanus__videoroom__listener__coll__graph.png]
[janus.conf.meetecho.com/docs/structjanus__videoroom__listener.html]
[janus.conf.meetecho.com/docs/structjanus__videoroom__listener__muxed__coll__graph.png]
[janus.conf.meetecho.com/docs/structjanus__videoroom__listener__muxed.html]
[janus.conf.meetecho.com/docs/structjanus__videoroom__message__coll__graph.png]
[janus.conf.meetecho.com/docs/structjanus__videoroom__message.html]
[janus.conf.meetecho.com/docs/structjanus__videoroom__participant__coll__graph.png]
[janus.conf.meetecho.com/docs/structjanus__videoroom__participant.html]
[janus.conf.meetecho.com/docs/structjanus__videoroom__rtp__relay__packet.html]
[janus.conf.meetecho.com/docs/structjanus__videoroom__session__coll__graph.png]
[janus.conf.meetecho.com/docs/structjanus__videoroom__session.html]
[janus.conf.meetecho.com/docs/structjanus__voicemail__message__coll__graph.png]
[janus.conf.meetecho.com/docs/structjanus__voicemail__message.html]
[janus.conf.meetecho.com/docs/structjanus__voicemail__session__coll__graph.png]
[janus.conf.meetecho.com/docs/structjanus__voicemail__session.html]
[janus.conf.meetecho.com/docs/structreport__block.html]
[janus.conf.meetecho.com/docs/structrtcp__app__coll__graph.png]
[janus.conf.meetecho.com/docs/structrtcp__app.html]
[janus.conf.meetecho.com/docs/structrtcp__bye__coll__graph.png]
[janus.conf.meetecho.com/docs/structrtcp__bye.html]
[janus.conf.meetecho.com/docs/structrtcp__fb__coll__graph.png]
[janus.conf.meetecho.com/docs/structrtcp__fb.html]
[janus.conf.meetecho.com/docs/structrtcp__fir.html]
[janus.conf.meetecho.com/docs/structrtcp__header.html]
[janus.conf.meetecho.com/docs/structrtcp__nack.html]
[janus.conf.meetecho.com/docs/structrtcp__remb.html]
[janus.conf.meetecho.com/docs/structrtcp__rr__coll__graph.png]
[janus.conf.meetecho.com/docs/structrtcp__rr.html]
[janus.conf.meetecho.com/docs/structrtcp__sdes__coll__graph.png]
[janus.conf.meetecho.com/docs/structrtcp__sdes.html]
[janus.conf.meetecho.com/docs/structrtcp__sdes__chunk.html]
[janus.conf.meetecho.com/docs/structrtcp__sdes__item.html]
[janus.conf.meetecho.com/docs/structrtcp__sr__coll__graph.png]
[janus.conf.meetecho.com/docs/structrtcp__sr.html]
[janus.conf.meetecho.com/docs/structrtp__header.html]
[janus.conf.meetecho.com/docs/structsender__info.html]
[janus.conf.meetecho.com/docs/structssip__s__coll__graph.png]
[janus.conf.meetecho.com/docs/structssip__s.html]
[janus.conf.meetecho.com/docs/structwav__header.html]
[janus.conf.meetecho.com/docs/globals_func.html]
[janus.conf.meetecho.com/docs/globals_vars.html]
[janus.conf.meetecho.com/docs/globals_type.html]
[janus.conf.meetecho.com/docs/globals_enum.html]
[janus.conf.meetecho.com/docs/globals_eval.html]
[janus.conf.meetecho.com/docs/globals_defs.html]
[janus.conf.meetecho.com/docs/globals_0x62.html]
[janus.conf.meetecho.com/docs/globals_0x63.html]
[janus.conf.meetecho.com/docs/globals_0x64.html]
[janus.conf.meetecho.com/docs/globals_0x66.html]
[janus.conf.meetecho.com/docs/globals_0x67.html]
[janus.conf.meetecho.com/docs/globals_0x69.html]
[janus.conf.meetecho.com/docs/globals_0x6a.html]
[janus.conf.meetecho.com/docs/globals_0x6c.html]
[janus.conf.meetecho.com/docs/globals_0x6d.html]
[janus.conf.meetecho.com/docs/globals_0x6e.html]
[janus.conf.meetecho.com/docs/globals_0x6f.html]
[janus.conf.meetecho.com/docs/globals_0x72.html]
[janus.conf.meetecho.com/docs/globals_0x73.html]
[janus.conf.meetecho.com/docs/globals_0x74.html]
[janus.conf.meetecho.com/docs/globals_0x75.html]
[janus.conf.meetecho.com/docs/globals_0x76.html]
[janus.conf.meetecho.com/docs/globals.html]
[janus.conf.meetecho.com/docs/globals_0x77.html]
[janus.conf.meetecho.com/docs/apierror_8c__incl.png]
[janus.conf.meetecho.com/docs/apierror_8c.html]
[janus.conf.meetecho.com/docs/apierror_8h_source.html]
[janus.conf.meetecho.com/docs/apierror_8h__dep__incl.png]
[janus.conf.meetecho.com/docs/apierror_8h.html]
[janus.conf.meetecho.com/docs/config_8c__incl.png]
[janus.conf.meetecho.com/docs/config_8c.html]
[janus.conf.meetecho.com/docs/config_8h_source.html]
[janus.conf.meetecho.com/docs/config_8h__incl.png]
[janus.conf.meetecho.com/docs/config_8h__dep__incl.png]
[janus.conf.meetecho.com/docs/config_8h.html]
[janus.conf.meetecho.com/docs/debug_8h_source.html]
[janus.conf.meetecho.com/docs/debug_8h__incl.png]
[janus.conf.meetecho.com/docs/debug_8h__dep__incl.png]
[janus.conf.meetecho.com/docs/debug_8h.html]
[janus.conf.meetecho.com/docs/dtls_8c__incl.png]
[janus.conf.meetecho.com/docs/dtls_8c.html]
[janus.conf.meetecho.com/docs/dtls_8h_source.html]
[janus.conf.meetecho.com/docs/dtls_8h__incl.png]
[janus.conf.meetecho.com/docs/dtls_8h__dep__incl.png]
[janus.conf.meetecho.com/docs/dtls_8h.html]
[janus.conf.meetecho.com/docs/ice_8c__incl.png]
[janus.conf.meetecho.com/docs/ice_8c.html]
[janus.conf.meetecho.com/docs/ice_8h_source.html]
[janus.conf.meetecho.com/docs/ice_8h__incl.png]
[janus.conf.meetecho.com/docs/ice_8h__dep__incl.png]
[janus.conf.meetecho.com/docs/ice_8h.html]
[janus.conf.meetecho.com/docs/dir_e4f1ce5319e85c7908e8df0e328b8d80.html]
[janus.conf.meetecho.com/docs/janus-pp-rec_8c__incl.png]
[janus.conf.meetecho.com/docs/janus-pp-rec_8c.html]
[janus.conf.meetecho.com/docs/janus_8c__incl.png]
[janus.conf.meetecho.com/docs/janus_8c.html]
[janus.conf.meetecho.com/docs/janus_8h_source.html]
[janus.conf.meetecho.com/docs/janus_8h__incl.png]
[janus.conf.meetecho.com/docs/janus_8h__dep__incl.png]
[janus.conf.meetecho.com/docs/janus_8h.html]
[janus.conf.meetecho.com/docs/dir_38c8d24aef3972a7f87b834274e76e31.html]
[janus.conf.meetecho.com/docs/janus__audiobridge_8c__incl.png]
[janus.conf.meetecho.com/docs/janus__audiobridge_8c.html]
[janus.conf.meetecho.com/docs/janus__echotest_8c__incl.png]
[janus.conf.meetecho.com/docs/janus__echotest_8c.html]
[janus.conf.meetecho.com/docs/janus__sip_8c__incl.png]
[janus.conf.meetecho.com/docs/janus__sip_8c.html]
[janus.conf.meetecho.com/docs/janus__streaming_8c__incl.png]
[janus.conf.meetecho.com/docs/janus__streaming_8c.html]
[janus.conf.meetecho.com/docs/janus__videocall_8c__incl.png]
[janus.conf.meetecho.com/docs/janus__videocall_8c.html]
[janus.conf.meetecho.com/docs/janus__videoroom_8c__incl.png]
[janus.conf.meetecho.com/docs/janus__videoroom_8c.html]
[janus.conf.meetecho.com/docs/janus__voicemail_8c__incl.png]
[janus.conf.meetecho.com/docs/janus__voicemail_8c.html]
[janus.conf.meetecho.com/docs/mutex_8h_source.html]
[janus.conf.meetecho.com/docs/mutex_8h__incl.png]
[janus.conf.meetecho.com/docs/mutex_8h__dep__incl.png]
[janus.conf.meetecho.com/docs/mutex_8h.html]
[janus.conf.meetecho.com/docs/plugin_8h_source.html]
[janus.conf.meetecho.com/docs/plugin_8h__incl.png]
[janus.conf.meetecho.com/docs/plugin_8h__dep__incl.png]
[janus.conf.meetecho.com/docs/plugin_8h.html]
[janus.conf.meetecho.com/docs/pp-debug_8h_source.html]
[janus.conf.meetecho.com/docs/pp-debug_8h__incl.png]
[janus.conf.meetecho.com/docs/pp-debug_8h__dep__incl.png]
[janus.conf.meetecho.com/docs/pp-debug_8h.html]
[janus.conf.meetecho.com/docs/pp-opus_8c__incl.png]
[janus.conf.meetecho.com/docs/pp-opus_8c.html]
[janus.conf.meetecho.com/docs/pp-opus_8h_source.html]
[janus.conf.meetecho.com/docs/pp-opus_8h__incl.png]
[janus.conf.meetecho.com/docs/pp-opus_8h__dep__incl.png]
[janus.conf.meetecho.com/docs/pp-opus_8h.html]
[janus.conf.meetecho.com/docs/pp-rtp_8h_source.html]
[janus.conf.meetecho.com/docs/pp-rtp_8h__dep__incl.png]
[janus.conf.meetecho.com/docs/pp-rtp_8h.html]
[janus.conf.meetecho.com/docs/pp-webm_8c__incl.png]
[janus.conf.meetecho.com/docs/pp-webm_8c.html]
[janus.conf.meetecho.com/docs/pp-webm_8h_source.html]
[janus.conf.meetecho.com/docs/pp-webm_8h__incl.png]
[janus.conf.meetecho.com/docs/pp-webm_8h__dep__incl.png]
[janus.conf.meetecho.com/docs/pp-webm_8h.html]
[janus.conf.meetecho.com/docs/record_8c__incl.png]
[janus.conf.meetecho.com/docs/record_8c.html]
[janus.conf.meetecho.com/docs/record_8h_source.html]
[janus.conf.meetecho.com/docs/record_8h__incl.png]
[janus.conf.meetecho.com/docs/record_8h__dep__incl.png]
[janus.conf.meetecho.com/docs/record_8h.html]
[janus.conf.meetecho.com/docs/rtcp_8c__incl.png]
[janus.conf.meetecho.com/docs/rtcp_8c.html]
[janus.conf.meetecho.com/docs/rtcp_8h_source.html]
[janus.conf.meetecho.com/docs/rtcp_8h__incl.png]
[janus.conf.meetecho.com/docs/rtcp_8h__dep__incl.png]
[janus.conf.meetecho.com/docs/rtcp_8h.html]
[janus.conf.meetecho.com/docs/rtp_8h_source.html]
[janus.conf.meetecho.com/docs/rtp_8h__incl.png]
[janus.conf.meetecho.com/docs/rtp_8h__dep__incl.png]
[janus.conf.meetecho.com/docs/rtp_8h.html]
[janus.conf.meetecho.com/docs/sctp_8c.html]
[janus.conf.meetecho.com/docs/sctp_8h_source.html]
[janus.conf.meetecho.com/docs/sctp_8h__dep__incl.png]
[janus.conf.meetecho.com/docs/sctp_8h.html]
[janus.conf.meetecho.com/docs/sdp_8c__incl.png]
[janus.conf.meetecho.com/docs/sdp_8c.html]
[janus.conf.meetecho.com/docs/sdp_8h_source.html]
[janus.conf.meetecho.com/docs/sdp_8h__incl.png]
[janus.conf.meetecho.com/docs/sdp_8h__dep__incl.png]
[janus.conf.meetecho.com/docs/sdp_8h.html]
[janus.conf.meetecho.com/docs/utils_8c__incl.png]
[janus.conf.meetecho.com/docs/utils_8c.html]
[janus.conf.meetecho.com/docs/utils_8h_source.html]
[janus.conf.meetecho.com/docs/utils_8h__incl.png]
[janus.conf.meetecho.com/docs/utils_8h__dep__incl.png]
[janus.conf.meetecho.com/docs/utils_8h.html]
[janus.conf.meetecho.com/docs/functions_vars_0x62.html]
[janus.conf.meetecho.com/docs/functions_vars_0x63.html]
[janus.conf.meetecho.com/docs/functions_vars_0x64.html]
[janus.conf.meetecho.com/docs/functions_vars_0x65.html]
[janus.conf.meetecho.com/docs/functions_vars_0x66.html]
[janus.conf.meetecho.com/docs/functions_vars_0x67.html]
[janus.conf.meetecho.com/docs/functions_vars_0x68.html]
[janus.conf.meetecho.com/docs/functions_vars_0x69.html]
[janus.conf.meetecho.com/docs/functions_vars_0x6a.html]
[janus.conf.meetecho.com/docs/functions_vars_0x6c.html]
[janus.conf.meetecho.com/docs/functions_vars_0x6d.html]
[janus.conf.meetecho.com/docs/functions_vars_0x6e.html]
[janus.conf.meetecho.com/docs/functions_vars_0x6f.html]
[janus.conf.meetecho.com/docs/functions_vars_0x70.html]
[janus.conf.meetecho.com/docs/functions_vars_0x71.html]
[janus.conf.meetecho.com/docs/functions_vars_0x72.html]
[janus.conf.meetecho.com/docs/functions_vars_0x73.html]
[janus.conf.meetecho.com/docs/functions_vars_0x74.html]
[janus.conf.meetecho.com/docs/functions_vars_0x75.html]
[janus.conf.meetecho.com/docs/functions_vars_0x76.html]
[janus.conf.meetecho.com/docs/functions_vars.html]
[janus.conf.meetecho.com/docs/functions_vars_0x77.html]
[janus.conf.meetecho.com/docs/functions_0x62.html]
[janus.conf.meetecho.com/docs/functions_0x63.html]
[janus.conf.meetecho.com/docs/functions_0x64.html]
[janus.conf.meetecho.com/docs/functions_0x65.html]
[janus.conf.meetecho.com/docs/functions_0x66.html]
[janus.conf.meetecho.com/docs/functions_0x67.html]
[janus.conf.meetecho.com/docs/functions_0x68.html]
[janus.conf.meetecho.com/docs/functions_0x69.html]
[janus.conf.meetecho.com/docs/functions_0x6a.html]
[janus.conf.meetecho.com/docs/functions_0x6c.html]
[janus.conf.meetecho.com/docs/functions_0x6d.html]
[janus.conf.meetecho.com/docs/functions_0x6e.html]
[janus.conf.meetecho.com/docs/functions_0x6f.html]
[janus.conf.meetecho.com/docs/functions_0x70.html]
[janus.conf.meetecho.com/docs/functions_0x71.html]
[janus.conf.meetecho.com/docs/functions_0x72.html]
[janus.conf.meetecho.com/docs/functions_0x73.html]
[janus.conf.meetecho.com/docs/functions_0x74.html]
[janus.conf.meetecho.com/docs/functions_0x75.html]
[janus.conf.meetecho.com/docs/functions_0x76.html]
[janus.conf.meetecho.com/docs/functions_0x77.html]
[janus.conf.meetecho.com/docs/graph_legend.png]
[janus.conf.meetecho.com/docs/graph_legend.html]
[janus.conf.meetecho.com/docs/globals_func_0x67.html]
[janus.conf.meetecho.com/docs/globals_func_0x6a.html]
[janus.conf.meetecho.com/docs/globals_func_0x6c.html]
[janus.conf.meetecho.com/docs/globals_func_0x6d.html]
[janus.conf.meetecho.com/docs/globals_func_0x6f.html]
[janus.conf.meetecho.com/docs/globals_func_0x72.html]
[janus.conf.meetecho.com/docs/globals_func_0x73.html]
[janus.conf.meetecho.com/docs/globals_func.html]
[janus.conf.meetecho.com/docs/globals_vars.html]
[janus.conf.meetecho.com/docs/globals_type.html]
[janus.conf.meetecho.com/docs/globals_enum.html]
[janus.conf.meetecho.com/docs/globals_eval.html]
[janus.conf.meetecho.com/docs/globals_func_0x74.html]
[janus.conf.meetecho.com/docs/globals_defs_0x62.html]
[janus.conf.meetecho.com/docs/globals_defs_0x64.html]
[janus.conf.meetecho.com/docs/globals_defs_0x6a.html]
[janus.conf.meetecho.com/docs/globals_defs_0x6c.html]
[janus.conf.meetecho.com/docs/globals_defs_0x6e.html]
[janus.conf.meetecho.com/docs/globals_defs_0x6f.html]
[janus.conf.meetecho.com/docs/globals_defs_0x72.html]
[janus.conf.meetecho.com/docs/globals_defs_0x73.html]
[janus.conf.meetecho.com/docs/globals_defs_0x75.html]
[janus.conf.meetecho.com/docs/globals_defs.html]
[janus.conf.meetecho.com/docs/globals_defs_0x76.html]
[janus.conf.meetecho.com/docs/globals_0x62.html]
[janus.conf.meetecho.com/docs/globals_0x63.html]
[janus.conf.meetecho.com/docs/globals_0x64.html]
[janus.conf.meetecho.com/docs/globals_0x66.html]
[janus.conf.meetecho.com/docs/globals_0x67.html]
[janus.conf.meetecho.com/docs/globals_0x69.html]
[janus.conf.meetecho.com/docs/globals_0x6a.html]
[janus.conf.meetecho.com/docs/globals_0x6c.html]
[janus.conf.meetecho.com/docs/globals_0x6d.html]
[janus.conf.meetecho.com/docs/globals_0x6e.html]
[janus.conf.meetecho.com/docs/globals_0x6f.html]
[janus.conf.meetecho.com/docs/globals_0x72.html]
[janus.conf.meetecho.com/docs/globals_0x73.html]
[janus.conf.meetecho.com/docs/globals_0x74.html]
[janus.conf.meetecho.com/docs/globals_0x75.html]
[janus.conf.meetecho.com/docs/globals_0x76.html]
[janus.conf.meetecho.com/docs/globals_0x77.html]
[janus.conf.meetecho.com/docs/dir_e4f1ce5319e85c7908e8df0e328b8d80_dep.png]
[janus.conf.meetecho.com/docs/dir_e4f1ce5319e85c7908e8df0e328b8d80.html]
[janus.conf.meetecho.com/docs/dir_38c8d24aef3972a7f87b834274e76e31_dep.png]
[janus.conf.meetecho.com/docs/dir_38c8d24aef3972a7f87b834274e76e31.html]
[janus.conf.meetecho.com/docs/functions_vars_0x62.html]
[janus.conf.meetecho.com/docs/functions_vars_0x63.html]
[janus.conf.meetecho.com/docs/functions_vars_0x64.html]
[janus.conf.meetecho.com/docs/functions_vars_0x65.html]
[janus.conf.meetecho.com/docs/functions_vars_0x66.html]
[janus.conf.meetecho.com/docs/functions_vars_0x67.html]
[janus.conf.meetecho.com/docs/functions_vars_0x68.html]
[janus.conf.meetecho.com/docs/functions_vars_0x69.html]
[janus.conf.meetecho.com/docs/functions_vars_0x6a.html]
[janus.conf.meetecho.com/docs/functions_vars_0x6c.html]
[janus.conf.meetecho.com/docs/functions_vars_0x6d.html]
[janus.conf.meetecho.com/docs/functions_vars_0x6e.html]
[janus.conf.meetecho.com/docs/functions_vars_0x6f.html]
[janus.conf.meetecho.com/docs/functions_vars_0x70.html]
[janus.conf.meetecho.com/docs/functions_vars_0x71.html]
[janus.conf.meetecho.com/docs/functions_vars_0x72.html]
[janus.conf.meetecho.com/docs/functions_vars_0x73.html]
[janus.conf.meetecho.com/docs/functions_vars_0x74.html]
[janus.conf.meetecho.com/docs/functions_vars_0x75.html]
[janus.conf.meetecho.com/docs/functions_vars_0x76.html]
[janus.conf.meetecho.com/docs/functions_vars_0x77.html]
[janus.conf.meetecho.com/docs/globals_func_0x67.html]
[janus.conf.meetecho.com/docs/globals_func_0x6a.html]
[janus.conf.meetecho.com/docs/globals_func_0x6c.html]
[janus.conf.meetecho.com/docs/globals_func_0x6d.html]
[janus.conf.meetecho.com/docs/globals_func_0x6f.html]
[janus.conf.meetecho.com/docs/globals_func_0x72.html]
[janus.conf.meetecho.com/docs/globals_func_0x73.html]
[janus.conf.meetecho.com/docs/globals_func_0x74.html]
[janus.conf.meetecho.com/docs/globals_defs_0x62.html]
[janus.conf.meetecho.com/docs/globals_defs_0x64.html]
[janus.conf.meetecho.com/docs/globals_defs_0x6a.html]
[janus.conf.meetecho.com/docs/globals_defs_0x6c.html]
[janus.conf.meetecho.com/docs/globals_defs_0x6e.html]
[janus.conf.meetecho.com/docs/globals_defs_0x6f.html]
[janus.conf.meetecho.com/docs/globals_defs_0x72.html]
[janus.conf.meetecho.com/docs/globals_defs_0x73.html]
[janus.conf.meetecho.com/docs/globals_defs_0x75.html]
[janus.conf.meetecho.com/docs/globals_defs_0x76.html]
